[14:52:51] 4a62c9b2936b_农银人寿2022年报.pdf · 业务及管理费 · RESOLVED / L0 · p.6
[14:52:52] 3f737be00412_农银人寿2023年报.pdf · 业务及管理费 · RESOLVED / L0 · p.54
[14:52:52] 4a62c9b2936b_农银人寿2022年报.pdf · 支付给职工以及为职工支付的现金 · RESOLVED / L0 · p.8
[14:52:52] 3f737be00412_农银人寿2023年报.pdf · 支付给职工以及为职工支付的现金 · RESOLVED / L0 · p.56
[14:52:52] 4a62c9b2936b_农银人寿2022年报.pdf · DONE · 1.249s
[14:52:52] 9fa2aa2597fc_农银人寿2025年报.pdf · 业务及管理费 · RESOLVED / L0 · p.5
[14:52:52] 3f737be00412_农银人寿2023年报.pdf · DONE · 1.405s
[14:52:53] 9fa2aa2597fc_农银人寿2025年报.pdf · 支付给职工以及为职工支付的现金 · RESOLVED / L0 · p.7
[14:52:53] 9fa2aa2597fc_农银人寿2025年报.pdf · DONE · 1.51s
[14:52:59] 923258b5c33a_农银人寿2024年报.pdf · 业务及管理费 · RESOLVED / L0 · p.6
[14:53:00] 923258b5c33a_农银人寿2024年报.pdf · 支付给职工以及为职工支付的现金 · RESOLVED / L0 · p.8
[14:53:00] 923258b5c33a_农银人寿2024年报.pdf · DONE · 8.834s
[14:53:05] 91e001708c2b_中银三星2022年报.pdf · 业务及管理费 · RESOLVED / L0 · p.36
[14:53:05] cb203ed177ce_中银三星2023年报.pdf · 业务及管理费 · RESOLVED / L0 · p.41
[14:53:06] 91e001708c2b_中银三星2022年报.pdf · 支付给职工以及为职工支付的现金 · RESOLVED / L0 · p.38
[14:53:06] 91e001708c2b_中银三星2022年报.pdf · DONE · 14.25s
[14:53:07] cb203ed177ce_中银三星2023年报.pdf · 支付给职工以及为职工支付的现金 · RESOLVED / L0 · p.19
[14:53:08] cb203ed177ce_中银三星2023年报.pdf · DONE · 14.852s
[14:53:17] 15ec7e559faa_建信人寿2024年报.pdf · 业务及管理费 · RESOLVED / L0 · p.156
[14:53:20] 15ec7e559faa_建信人寿2024年报.pdf · 支付给职工以及为职工支付的现金 · RESOLVED / L0 · p.10
[14:53:21] 15ec7e559faa_建信人寿2024年报.pdf · DONE · 30.712s
[14:53:23] e7eec2489f81_建信人寿2022年报.pdf · 业务及管理费 · RESOLVED / L0 · p.159
[14:53:24] 4936c61b6938_建信人寿2025年报.pdf · 业务及管理费 · RESOLVED / L0 · p.145
[14:53:25] e7eec2489f81_建信人寿2022年报.pdf · 支付给职工以及为职工支付的现金 · RESOLVED / L0 · p.10
[14:53:25] e7eec2489f81_建信人寿2022年报.pdf · DONE · 36.28s
[14:53:27] 5b964aca9e47_建信人寿2023年报.pdf · 业务及管理费 · RESOLVED / L0 · p.157
[14:53:27] 4936c61b6938_建信人寿2025年报.pdf · 支付给职工以及为职工支付的现金 · RESOLVED / L0 · p.10
[14:53:27] 4936c61b6938_建信人寿2025年报.pdf · DONE · 36.651s
[14:53:29] 5b964aca9e47_建信人寿2023年报.pdf · 支付给职工以及为职工支付的现金 · RESOLVED / L0 · p.10
[14:53:29] 5b964aca9e47_建信人寿2023年报.pdf · DONE · 39.832s
[14:53:37] d5b6dbbe98d6_中银三星2024年报.pdf · 业务及管理费 · RESOLVED / L0 · p.70
[14:53:38] d5b6dbbe98d6_中银三星2024年报.pdf · 支付给职工以及为职工支付的现金 · RESOLVED / L0 · p.15
[14:53:38] d5b6dbbe98d6_中银三星2024年报.pdf · DONE · 45.606s
[14:53:42] e115146901c4_中银三星2025年报.pdf · 业务及管理费 · RESOLVED / L0 · p.66
[14:53:43] e115146901c4_中银三星2025年报.pdf · 支付给职工以及为职工支付的现金 · RESOLVED / L0 · p.70
[14:53:43] e115146901c4_中银三星2025年报.pdf · DONE · 43.468s
